[0;32mI (36) boot: chip revision: v3.1[0m
[0;ï¿½ets Jul 29 2019 12:21:46

rst:0x1 (POWERON_RESET),boot:0x13 (SPI_FAST_FLASH_BOOT)
configsip: 0, SPIWP:0xee
clk_drv:0x00,q_drv:0x00,d_drv:0x00,cs0_drv:0x00,hd_drv:0x00,wp_drv:0x00
mode:DIO, clock div:2
load:0x3fff0030,len:7176
load:0x40078000,len:15564
ho 0 tail 12 room 4
load:0x40080400,len:4
load:0x40080404,len:3904
entry 0x40080640
[0;32mI (31) boot: ESP-IDF HEAD-HASH-NOTFOUND 2nd stage bootloader[0m
[0;32mI (31) boot: compile time Jan 14 2026 18:14:29[0m
[0;32mI (32) boot: Multicore bootloader[0m
[0;32mI (36) boot: chip revision: v3.1[0m
[0;32mI (40) boot.esp32: SPI Speed      : 40MHz[0m
[0;32mI (45) boot.esp32: SPI Mode       : DIO[0m
[0;32mI (49) boot.esp32: SPI Flash Size : 2MB[0m
[0;32mI (54) boot: Enabling RNG early entropy source...[0m
[0;32mI (59) boot: Partition Table:[0m
[0;32mI (63) boot: ## Label            Usage          Type ST Offset   Length[0m
[0;32mI (70) boot:  0 nvs              WiFi data        01 02 00009000 00006000[0m
[0;32mI (78) boot:  1 phy_init         RF data          01 01 0000f000 00001000[0m
[0;32mI (85) boot:  2 factory          factory app      00 00 00010000 00100000[0m
[0;32mI (93) boot: End of partition table[0m
[0;32mI (97) esp_image: segment 0: paddr=00010020 vaddr=3f400020 size=22a14h (141844) map[0m
[0;32mI (154) esp_image: segment 1: paddr=00032a3c vaddr=3ffb0000 size=03f58h ( 16216) load[0m
[0;32mI (160) esp_image: segment 2: paddr=0003699c vaddr=40080000 size=0967ch ( 38524) load[0m
[0;32mI (176) esp_image: segment 3: paddr=00040020 vaddr=400d0020 size=8d6dch (579292) map[0m
[0;32mI (374) esp_image: segment 4: paddr=000cd704 vaddr=4008967c size=0de50h ( 56912) load[0m
[0;32mI (408) boot: Loaded app from partition at offset 0x10000[0m
[0;32mI (409) boot: Disabling RNG early entropy source...[0m
[0;32mI (421) cpu_start: Multicore app[0m
[0;32mI (429) cpu_start: Pro cpu start user code[0m
[0;32mI (429) cpu_start: cpu freq: 160000000 Hz[0m
[0;32mI (429) app_init: Application information:[0m
[0;32mI (432) app_init: Project name:     app-template[0m
[0;32mI (437) app_init: App version:      1[0m
[0;32mI (442) app_init: Compile time:     Jan 14 2026 18:13:37[0m
[0;32mI (448) app_init: ELF file SHA256:  aa537d0d4...[0m
[0;32mI (453) app_init: ESP-IDF:          HEAD-HASH-NOTFOUND[0m
[0;32mI (459) efuse_init: Min chip rev:     v0.0[0m
[0;32mI (463) efuse_init: Max chip rev:     v3.99 [0m
[0;32mI (468) efuse_init: Chip rev:         v3.1[0m
[0;32mI (473) heap_init: Initializing. RAM available for dynamic allocation:[0m
[0;32mI (481) heap_init: At 3FFAE6E0 len 00001920 (6 KiB): DRAM[0m
[0;32mI (486) heap_init: At 3FFB8198 len 00027E68 (159 KiB): DRAM[0m
[0;32mI (493) heap_init: At 3FFE0440 len 00003AE0 (14 KiB): D/IRAM[0m
[0;32mI (499) heap_init: At 3FFE4350 len 0001BCB0 (111 KiB): D/IRAM[0m
[0;32mI (505) heap_init: At 400974CC len 00008B34 (34 KiB): IRAM[0m
[0;32mI (513) spi_flash: detected chip: generic[0m
[0;32mI (516) spi_flash: flash io: dio[0m
[0;33mW (520) spi_flash: Detected size(4096k) larger than the size in the binary image header(2048k). Using the size in the binary image header.[0m
[0;32mI (534) main_task: Started on CPU0[0m
[0;32mI (544) main_task: Calling app_main()[0m
[0;32mI (544) gpio: GPIO[2]| InputEn: 0| OutputEn: 0| OpenDrain: 0| Pullup: 1| Pulldown: 0| Intr:0 [0m
[0;32mI (574) NVS_DRIVER: NVS_INIT[0m
[0;32mI (584) wifi:wifi driver task: 3ffc0460, prio:23, stack:6656, core=0[0m
[0;32mI (594) wifi:wifi firmware version: ccaebfa[0m
[0;32mI (594) wifi:wifi certification version: v7.0[0m
[0;32mI (594) wifi:config NVS flash: enabled[0m
[0;32mI (594) wifi:config nano formating: disabled[0m
[0;32mI (604) wifi:Init data frame dynamic rx buffer num: 32[0m
[0;32mI (604) wifi:Init static rx mgmt buffer num: 5[0m
[0;32mI (614) wifi:Init management short buffer num: 32[0m
[0;32mI (614) wifi:Init dynamic tx buffer num: 32[0m
[0;32mI (614) wifi:Init static rx buffer size: 1600[0m
[0;32mI (624) wifi:Init static rx buffer num: 10[0m
[0;32mI (624) wifi:Init dynamic rx buffer num: 32[0m
[0;32mI (634) wifi_init: rx ba win: 6[0m
[0;32mI (634) wifi_init: accept mbox: 6[0m
[0;32mI (634) wifi_init: tcpip mbox: 32[0m
[0;32mI (644) wifi_init: udp mbox: 6[0m
[0;32mI (644) wifi_init: tcp mbox: 6[0m
[0;32mI (654) wifi_init: tcp tx win: 5760[0m
[0;32mI (654) wifi_init: tcp rx win: 5760[0m
[0;32mI (654) wifi_init: tcp mss: 1440[0m
[0;32mI (664) wifi_init: WiFi IRAM OP enabled[0m
[0;32mI (664) wifi_init: WiFi RX IRAM OP enabled[0m
[0;32mI (674) WIFI_DRIVER: WiFi driver initialized[0m
[0;32mI (674) WIFI_DRIVER: WiFi STA cred valid[0m
[0;33mW (684) wifi:Password length matches WPA2 standards, authmode threshold changes from OPEN to WPA2[0m
[0;32mI (694) WIFI_DRIVER: WiFi STA start[0m
[0;32mI (694) phy_init: phy_version 4830,54550f7,Jun 20 2024,14:22:08[0m
[0;33mW (784) phy_init: saving new calibration data because of checksum failure, mode(0)[0m
[0;32mI (854) wifi:mode : sta (5c:01:3b:33:04:d0)[0m
[0;32mI (854) wifi:enable tsf[0m
[0;32mI (854) HTTP_SERVER: HTTP Server initialized[0m
[0;32mI (854) HTTP_SERVER: Starting HTTP server[0m
[0;32mI (854) WIFI_DRIVER: STA retry 1[0m
[0;32mI (864) WIFI_DRIVER: WiFi STA Mode start[0m
[0;32mI (874) HTTP_SERVER: Server running on port 80[0m
Hello from Web page control 
[0;32mI (884) wifi:new:<1,0>, old:<1,0>, ap:<255,255>, sta:<1,0>, prof:1, snd_ch_cfg:0x0[0m
[0;32mI (884) wifi:state: init -> auth (0xb0)[0m
[0;32mI (894) wifi:state: auth -> assoc (0x0)[0m
[0;32mI (914) wifi:state: assoc -> run (0x10)[0m
[0;32mI (944) wifi:state: run -> init (0x2c0)[0m
[0;32mI (954) wifi:new:<1,0>, old:<1,0>, ap:<255,255>, sta:<1,0>, prof:1, snd_ch_cfg:0x0[0m
[0;32mI (954) WIFI_DRIVER: STA retry 2[0m
[0;32mI (954) WIFI_DRIVER: WiFi STA Mode disconnect[0m
Hello from Web page control 
Hello from Web page control 
[0;32mI (3364) WIFI_DRIVER: STA retry 3[0m
[0;32mI (3374) WIFI_DRIVER: WiFi STA Mode disconnect[0m
[0;32mI (3374) wifi:new:<1,0>, old:<1,0>, ap:<255,255>, sta:<1,0>, prof:1, snd_ch_cfg:0x0[0m
[0;32mI (3374) wifi:state: init -> auth (0xb0)[0m
[0;32mI (3394) wifi:state: auth -> assoc (0x0)[0m
[0;32mI (3414) wifi:state: assoc -> run (0x10)[0m
[0;32mI (3444) wifi:connected with Aya Ramadan, aid = 7, channel 1, BW20, bssid = a8:7d:12:ed:c5:6b[0m
[0;32mI (3444) wifi:security: WPA2-PSK, phy: bgn, rssi: -50[0m
[0;32mI (3444) wifi:pm start, type: 1[0m

[0;32mI (3444) wifi:dp: 1, bi: 102400, li: 3, scale listen interval from 307200 us to 307200 us[0m
[0;32mI (3464) wifi:dp: 2, bi: 102400, li: 4, scale listen interval from 307200 us to 409600 us[0m
[0;32mI (3464) wifi:AP's beacon interval = 102400 us, DTIM period = 2[0m
Hello from Web page control 
[0;32mI (4464) esp_netif_handlers: sta ip: 192.168.43.84, mask: 255.255.255.0, gw: 192.168.43.1[0m
[0;32mI (4464) WIFI_DRIVER: STA connected[0m
[0;32mI (4464) WIFI_DRIVER: WiFi IP STA Got[0m
Hello from Web page control 
Hello from Web page control 
Hello from Web page control 
Hello from Web page control 
Hello from Web page control 
Hello from Web page control 
Hello from Web page control 
Hello from Web page control 
Hello from Web page control 
[0;32mI (13634) APP:  from root handler
[0m
Hello from Web page control 
[0;32mI (14424) wifi:<ba-add>idx:0 (ifx:0, a8:7d:12:ed:c5:6b), tid:0, ssn:10, winSize:64[0m
Hello from Web page control 
[0;32mI (15254) APP:  from status_handler
[0m
Hello from Web page control 
[0;32mI (16274) APP:  from status_handler
[0m
Hello from Web page control 
[0;32mI (17094) APP:  from status_handler
[0m
Hello from Web page control 
[0;32mI (18114) APP:  from status_handler
[0m
Hello from Web page control 
[0;32mI (19134) APP:  from status_handler
[0m
Hello from Web page control 
[0;32mI (20164) APP:  from status_handler
[0m
[0;32mI (20174) APP:  from led_on_handler
[0m
Hello from Web page control 
[0;32mI (21184) APP:  from status_handler
[0m
Hello from Web page control 
[0;32mI (22214) APP:  from status_handler
[0m
Hello from Web page control 
[0;32mI (23234) APP:  from status_handler
[0m
[0;32mI (23854) APP:  from led_off_handler
[0m
Hello from Web page control 
[0;32mI (24264) APP:  from status_handler
[0m
Hello from Web page control 
[0;32mI (25074) APP:  from status_handler
[0m
Hello from Web page control 
[0;32mI (26104) APP:  from status_handler
[0m
[0;32mI (26714) APP:  from led_on_handler
[0m
Hello from Web page control 
[0;32mI (27124) APP:  from status_handler
[0m
Hello from Web page control 
[0;32mI (28154) APP:  from status_handler
[0m
Hello from Web page control 
[0;32mI (29174) APP:  from status_handler
[0m
[0;32mI (29234) APP:  from led_off_handler
[0m
Hello from Web page control 
[0;32mI (30204) APP:  from status_handler
[0m
Hello from Web page control 
[0;32mI (31224) APP:  from status_handler
[0m
Hello from Web page control 
[0;32mI (32244) APP:  from status_handler
[0m
Hello from Web page control 
[0;32mI (33274) APP:  from status_handler
[0m
