ï¿½ï¿½&ï¿½+
Bï¿½ï¿½Jï¿½ï¿½ï¿½ï¿½ chip revision: v3.1[0m
[0;32mI (40) boot.esp32: SPI Speed      :ï¿½ets Jul 29 2019 12:21:46

rst:0x1 (POWERON_RESET),boot:0x13 (SPI_FAST_FLASH_BOOT)
configsip: 0, SPIWP:0xee
clk_drv:0x00,q_drv:0x00,d_drv:0x00,cs0_drv:0x00,hd_drv:0x00,wp_drv:0x00
mode:DIO, clock div:2
load:0x3fff0030,len:7176
load:0x40078000,len:15564
ho 0 tail 12 room 4
load:0x40080400,len:4
load:0x40080404,len:3904
entry 0x40080640
[0;32mI (31) boot: ESP-IDF HEAD-HASH-NOTFOUND 2nd stage bootloader[0m
[0;32mI (31) boot: compile time Jan 14 2026 18:14:29[0m
[0;32mI (32) boot: Multicore bootloader[0m
[0;32mI (36) boot: chip revision: v3.1[0m
[0;32mI (40) boot.esp32: SPI Speed      : 40MHz[0m
[0;32mI (45) boot.esp32: SPI Mode       : DIO[0m
[0;32mI (49) boot.esp32: SPI Flash Size : 2MB[0m
[0;32mI (54) boot: Enabling RNG early entropy source...[0m
[0;32mI (59) boot: Partition Table:[0m
[0;32mI (63) boot: ## Label            Usage          Type ST Offset   Length[0m
[0;32mI (70) boot:  0 nvs              WiFi data        01 02 00009000 00006000[0m
[0;32mI (78) boot:  1 phy_init         RF data          01 01 0000f000 00001000[0m
[0;32mI (85) boot:  2 factory          factory app      00 00 00010000 00100000[0m
[0;32mI (93) boot: End of partition table[0m
[0;32mI (97) esp_image: segment 0: paddr=00010020 vaddr=3f400020 size=22a24h (141860) map[0m
[0;32mI (154) esp_image: segment 1: paddr=00032a4c vaddr=3ffb0000 size=03f58h ( 16216) load[0m
[0;32mI (160) esp_image: segment 2: paddr=000369ac vaddr=40080000 size=0966ch ( 38508) load[0m
[0;32mI (176) esp_image: segment 3: paddr=00040020 vaddr=400d0020 size=8d6e0h (579296) map[0m
[0;32mI (374) esp_image: segment 4: paddr=000cd708 vaddr=4008966c size=0de60h ( 56928) load[0m
[0;32mI (408) boot: Loaded app from partition at offset 0x10000[0m
[0;32mI (409) boot: Disabling RNG early entropy source...[0m
[0;32mI (421) cpu_start: Multicore app[0m
[0;32mI (429) cpu_start: Pro cpu start user code[0m
[0;32mI (429) cpu_start: cpu freq: 160000000 Hz[0m
[0;32mI (429) app_init: Application information:[0m
[0;32mI (432) app_init: Project name:     app-template[0m
[0;32mI (437) app_init: App version:      1[0m
[0;32mI (442) app_init: Compile time:     Jan 14 2026 18:13:37[0m
[0;32mI (448) app_init: ELF file SHA256:  3912e5618...[0m
[0;32mI (453) app_init: ESP-IDF:          HEAD-HASH-NOTFOUND[0m
[0;32mI (459) efuse_init: Min chip rev:     v0.0[0m
[0;32mI (463) efuse_init: Max chip rev:     v3.99 [0m
[0;32mI (468) efuse_init: Chip rev:         v3.1[0m
[0;32mI (473) heap_init: Initializing. RAM available for dynamic allocation:[0m
[0;32mI (481) heap_init: At 3FFAE6E0 len 00001920 (6 KiB): DRAM[0m
[0;32mI (486) heap_init: At 3FFB8198 len 00027E68 (159 KiB): DRAM[0m
[0;32mI (493) heap_init: At 3FFE0440 len 00003AE0 (14 KiB): D/IRAM[0m
[0;32mI (499) heap_init: At 3FFE4350 len 0001BCB0 (111 KiB): D/IRAM[0m
[0;32mI (506) heap_init: At 400974CC len 00008B34 (34 KiB): IRAM[0m
[0;32mI (513) spi_flash: detected chip: generic[0m
[0;32mI (516) spi_flash: flash io: dio[0m
[0;33mW (520) spi_flash: Detected size(4096k) larger than the size in the binary image header(2048k). Using the size in the binary image header.[0m
[0;32mI (534) main_task: Started on CPU0[0m
[0;32mI (544) main_task: Calling app_main()[0m
[0;32mI (544) gpio: GPIO[2]| InputEn: 0| OutputEn: 0| OpenDrain: 0| Pullup: 1| Pulldown: 0| Intr:0 [0m
[0;32mI (574) NVS_DRIVER: NVS_INIT[0m
[0;32mI (594) wifi:wifi driver task: 3ffc0460, prio:23, stack:6656, core=0[0m
[0;32mI (604) wifi:wifi firmware version: ccaebfa[0m
[0;32mI (604) wifi:wifi certification version: v7.0[0m
[0;32mI (604) wifi:config NVS flash: enabled[0m
[0;32mI (604) wifi:config nano formating: disabled[0m
[0;32mI (614) wifi:Init data frame dynamic rx buffer num: 32[0m
[0;32mI (614) wifi:Init static rx mgmt buffer num: 5[0m
[0;32mI (624) wifi:Init management short buffer num: 32[0m
[0;32mI (624) wifi:Init dynamic tx buffer num: 32[0m
[0;32mI (624) wifi:Init static rx buffer size: 1600[0m
[0;32mI (634) wifi:Init static rx buffer num: 10[0m
[0;32mI (634) wifi:Init dynamic rx buffer num: 32[0m
[0;32mI (644) wifi_init: rx ba win: 6[0m
[0;32mI (644) wifi_init: accept mbox: 6[0m
[0;32mI (644) wifi_init: tcpip mbox: 32[0m
[0;32mI (654) wifi_init: udp mbox: 6[0m
[0;32mI (654) wifi_init: tcp mbox: 6[0m
[0;32mI (664) wifi_init: tcp tx win: 5760[0m
[0;32mI (664) wifi_init: tcp rx win: 5760[0m
[0;32mI (664) wifi_init: tcp mss: 1440[0m
[0;32mI (674) wifi_init: WiFi IRAM OP enabled[0m
[0;32mI (674) wifi_init: WiFi RX IRAM OP enabled[0m
[0;32mI (684) WIFI_DRIVER: WiFi driver initialized[0m
[0;32mI (684) WIFI_DRIVER: WiFi AP pass greater then 8 char so WIFI_AUTH_WPA_WPA2_PSK[0m
[0;32mI (694) WIFI_DRIVER: WiFi AP cred valid[0m
[0;32mI (704) WIFI_DRIVER: WiFi AP start[0m
[0;32mI (704) phy_init: phy_version 4830,54550f7,Jun 20 2024,14:22:08[0m
[0;33mW (794) phy_init: saving new calibration data because of checksum failure, mode(0)[0m
[0;32mI (814) wifi:mode : softAP (5c:01:3b:33:04:d1)[0m
[0;32mI (824) wifi:Total power save buffer number: 16[0m
[0;32mI (824) wifi:Init max length of beacon: 752/752[0m
[0;32mI (824) wifi:Init max length of beacon: 752/752[0m
[0;32mI (824) HTTP_SERVER: HTTP Server initialized[0m
[0;32mI (834) esp_netif_lwip: DHCP server started on interface WIFI_AP_DEF with IP: 192.168.4.1[0m
[0;32mI (844) WIFI_DRIVER: AP_RUNNING[0m
[0;32mI (844) WIFI_DRIVER: WiFi AP Mode start[0m
[0;32mI (844) HTTP_SERVER: Starting HTTP server[0m
[0;32mI (854) HTTP_SERVER: Server running on port 80[0m
Hello from Web page control 
Hello from Web page control 
Hello from Web page control 
Hello from Web page control 
Hello from Web page control 
Hello from Web page control 
Hello from Web page control 
Hello from Web page control 
Hello from Web page control 
Hello from Web page control 
Hello from Web page control 
Hello from Web page control 
Hello from Web page control 
Hello from Web page control 
Hello from Web page control 
Hello from Web page control 
Hello from Web page control 
Hello from Web page control 
Hello from Web page control 
Hello from Web page control 
Hello from Web page control 
Hello from Web page control 
Hello from Web page control 
Hello from Web page control 
Hello from Web page control 
Hello from Web page control 
Hello from Web page control 
Hello from Web page control 
Hello from Web page control 
Hello from Web page control 
Hello from Web page control 
[0;32mI (30934) wifi:new:<1,1>, old:<1,1>, ap:<1,1>, sta:<255,255>, prof:1, snd_ch_cfg:0x0[0m
[0;32mI (30934) wifi:station: 34:f6:4b:38:1e:f4 join, AID=1, bgn, 40U[0m
[0;32mI (31204) esp_netif_lwip: DHCP server assigned IP to a client, IP is: 192.168.4.2[0m
Hello from Web page control 
Hello from Web page control 
[0;32mI (33494) APP:  from root handler
[0m
Hello from Web page control 
Hello from Web page control 
Hello from Web page control 
Hello from Web page control 
Hello from Web page control 
Hello from Web page control 
Hello from Web page control 
Hello from Web page control 
Hello from Web page control 
[0;32mI (42154) wifi:<ba-add>idx:2 (ifx:1, 34:f6:4b:38:1e:f4), tid:0, ssn:269, winSize:64[0m
Hello from Web page control 
Hello from Web page control 
[0;32mI (43864) APP:  from root handler
[0m
Hello from Web page control 
[0;32mI (45094) APP:  from status_handler
[0m
Hello from Web page control 
[0;32mI (46084) APP:  from status_handler
[0m
Hello from Web page control 
[0;32mI (47094) APP:  from status_handler
[0m
Hello from Web page control 
[0;32mI (48084) APP:  from status_handler
[0m
Hello from Web page control 
[0;32mI (49094) APP:  from status_handler
[0m
Hello from Web page control 
[0;32mI (50084) APP:  from status_handler
[0m
Hello from Web page control 
[0;32mI (51084) APP:  from status_handler
[0m
Hello from Web page control 
[0;32mI (52084) APP:  from status_handler
[0m
Hello from Web page control 
[0;32mI (53094) APP:  from status_handler
[0m
Hello from Web page control 
[0;32mI (54084) APP:  from status_handler
[0m
Hello from Web page control 
[0;32mI (55094) APP:  from status_handler
[0m
[0;32mI (55134) APP:  from led_on_handler
[0m
Hello from Web page control 
[0;32mI (56094) APP:  from status_handler
[0m
Hello from Web page control 
[0;32mI (57084) APP:  from status_handler
[0m
Hello from Web page control 
[0;32mI (58084) APP:  from status_handler
[0m
Hello from Web page control 
[0;32mI (59094) APP:  from status_handler
[0m
[0;32mI (59244) APP:  from led_off_handler
[0m
[0;32mI (59454) APP:  from led_off_handler
[0m
Hello from Web page control 
[0;32mI (60094) APP:  from status_handler
[0m
Hello from Web page control 
[0;32mI (61084) APP:  from status_handler
[0m
Hello from Web page control 
[0;32mI (62084) APP:  from status_handler
[0m
Hello from Web page control 
[0;32mI (63004) APP:  from led_on_handler
[0m
[0;32mI (63094) APP:  from status_handler
[0m
Hello from Web page control 
[0;32mI (64084) APP:  from status_handler
[0m
Hello from Web page control 
[0;32mI (65084) APP:  from status_handler
[0m
[0;32mI (65604) APP:  from led_off_handler
[0m
Hello from Web page control 
[0;32mI (66084) APP:  from status_handler
[0m
Hello from Web page control 
[0;32mI (67094) APP:  from status_handler
[0m
Hello from Web page control 
[0;32mI (68094) APP:  from status_handler
[0m
Hello from Web page control 
[0;32mI (69094) APP:  from status_handler
[0m
Hello from Web page control 
[0;32mI (70084) APP:  from status_handler
[0m
Hello from Web page control 
[0;32mI (71094) APP:  from status_handler
[0m
